GAS LISTING /tmp/ccvaXD9j.s 			page 1


   1               		.file	"pc4RootAgent.c"
   2               	__SREG__ = 0x3f
   3               	__SP_H__ = 0x3e
   4               	__SP_L__ = 0x3d
   5               	__tmp_reg__ = 0
   6               	__zero_reg__ = 1
   7               		.global __do_copy_data
   8               		.global __do_clear_bss
   9               		.data
  10               	.LC0:
  11 0000 5045 5452 		.string	"PETROS: root: child created\n"
  11      4F53 3A20 
  11      726F 6F74 
  11      3A20 6368 
  11      696C 6420 
  12               		.section	.events.PoChildCreatedEvent,"ax",@progbits
  13               	.global	EVENT_PoChildCreatedEvent
  15               	EVENT_PoChildCreatedEvent:
  16               	/* prologue: frame size=12 */
  17 0000 CF93      		push r28
  18 0002 DF93      		push r29
  19 0004 CDB7      		in r28,__SP_L__
  20 0006 DEB7      		in r29,__SP_H__
  21 0008 2C97      		sbiw r28,12
  22 000a DEBF      		out __SP_H__,r29
  23 000c CDBF      		out __SP_L__,r28
  24               	/* prologue end (size=7) */
  25 000e AE01      		movw r20,r28
  26 0010 475F      		subi r20,lo8(-(9))
  27 0012 5F4F      		sbci r21,hi8(-(9))
  28 0014 BE01      		movw r22,r28
  29 0016 6B5F      		subi r22,lo8(-(5))
  30 0018 7F4F      		sbci r23,hi8(-(5))
  31 001a CE01      		movw r24,r28
  32 001c 0196      		adiw r24,1
  33 001e 0E94 0000 		call pongiPoGetChildInfoOld
  34 0022 80E0      		ldi r24,lo8(.LC0)
  35 0024 90E0      		ldi r25,hi8(.LC0)
  36 0026 0E94 0000 		call pongiPoDbgString
  37 002a 6981      		ldd r22,Y+1
  38 002c 7A81      		ldd r23,Y+2
  39 002e 8B81      		ldd r24,Y+3
  40 0030 9C81      		ldd r25,Y+4
  41 0032 0E94 0000 		call pongiPoDbgUInt32
  42 0036 6D81      		ldd r22,Y+5
  43 0038 7E81      		ldd r23,Y+6
  44 003a 8F81      		ldd r24,Y+7
  45 003c 9885      		ldd r25,Y+8
  46 003e 0E94 0000 		call pongiPoDbgUInt32
  47 0042 0E94 0000 		call pongiPoGetMyID
  48 0046 0E94 0000 		call pongiPoRelease
  49               	/* epilogue: frame size=12 */
  50 004a 2C96      		adiw r28,12
  51 004c DEBF      		out __SP_H__,r29
  52 004e CDBF      		out __SP_L__,r28
  53 0050 DF91      		pop r29
  54 0052 CF91      		pop r28
GAS LISTING /tmp/ccvaXD9j.s 			page 2


  55 0054 0895      		ret
  56               	/* epilogue end (size=6) */
  57               	/* function EVENT_PoChildCreatedEvent size 43 (30) */
  59               		.data
  60               	.LC1:
  61 001d 5045 5452 		.string	"PETROS: root: Create child\n"
  61      4F53 3A20 
  61      726F 6F74 
  61      3A20 4372 
  61      6561 7465 
  62               		.section	.events.PoInitEvent,"ax",@progbits
  63               	.global	EVENT_PoInitEvent
  65               	EVENT_PoInitEvent:
  66               	/* prologue: frame size=0 */
  67 0000 0F93      		push r16
  68 0002 1F93      		push r17
  69               	/* prologue end (size=2) */
  70 0004 80E0      		ldi r24,lo8(.LC1)
  71 0006 90E0      		ldi r25,hi8(.LC1)
  72 0008 0E94 0000 		call pongiPoDbgString
  73 000c 00E0      		ldi r16,lo8(0)
  74 000e 10E0      		ldi r17,hi8(0)
  75 0010 20E0      		ldi r18,hlo8(0)
  76 0012 30E0      		ldi r19,hhi8(0)
  77 0014 48E8      		ldi r20,lo8(5000)
  78 0016 53E1      		ldi r21,hi8(5000)
  79 0018 62E4      		ldi r22,lo8(52290)
  80 001a 7CEC      		ldi r23,hi8(52290)
  81 001c 80E0      		ldi r24,hlo8(52290)
  82 001e 90E0      		ldi r25,hhi8(52290)
  83 0020 0E94 0000 		call pongiPoCreateGenericAgent
  84               	/* epilogue: frame size=0 */
  85 0024 1F91      		pop r17
  86 0026 0F91      		pop r16
  87 0028 0895      		ret
  88               	/* epilogue end (size=3) */
  89               	/* function EVENT_PoInitEvent size 21 (16) */
  91               	/* File "pc4RootAgent.c": code   64 = 0x0040 (  46), prologues   9, epilogues   9 */
GAS LISTING /tmp/ccvaXD9j.s 			page 3


DEFINED SYMBOLS
                            *ABS*:00000000 pc4RootAgent.c
     /tmp/ccvaXD9j.s:2      *ABS*:0000003f __SREG__
     /tmp/ccvaXD9j.s:3      *ABS*:0000003e __SP_H__
     /tmp/ccvaXD9j.s:4      *ABS*:0000003d __SP_L__
     /tmp/ccvaXD9j.s:5      *ABS*:00000000 __tmp_reg__
     /tmp/ccvaXD9j.s:6      *ABS*:00000001 __zero_reg__
     /tmp/ccvaXD9j.s:15     .events.PoChildCreatedEvent:00000000 EVENT_PoChildCreatedEvent
     /tmp/ccvaXD9j.s:65     .events.PoInitEvent:00000000 EVENT_PoInitEvent

UNDEFINED SYMBOLS
__do_copy_data
__do_clear_bss
pongiPoGetChildInfoOld
pongiPoDbgString
pongiPoDbgUInt32
pongiPoGetMyID
pongiPoRelease
pongiPoCreateGenericAgent
