Archive member included because of file (symbol)

/usr/lib/gcc/avr/4.2.2/libgcc.a(_copy_data.o)
                              pc3RootAgent.o (__do_copy_data)
/usr/lib/gcc/avr/4.2.2/libgcc.a(_clear_bss.o)
                              pc3RootAgent.o (__do_clear_bss)
/usr/lib/gcc/avr/4.2.2/../../../../avr/lib/libc.a(sprintf.o)
                              pc3RootAgent.o (sprintf)
/usr/lib/gcc/avr/4.2.2/../../../../avr/lib/libc.a(vfprintf_std.o)
                              /usr/lib/gcc/avr/4.2.2/../../../../avr/lib/libc.a(sprintf.o) (vfprintf)
/usr/lib/gcc/avr/4.2.2/../../../../avr/lib/libc.a(strlen_P.o)
                              /usr/lib/gcc/avr/4.2.2/../../../../avr/lib/libc.a(vfprintf_std.o) (strlen_P)
/usr/lib/gcc/avr/4.2.2/../../../../avr/lib/libc.a(strnlen_P.o)
                              /usr/lib/gcc/avr/4.2.2/../../../../avr/lib/libc.a(vfprintf_std.o) (strnlen_P)
/usr/lib/gcc/avr/4.2.2/../../../../avr/lib/libc.a(strnlen.o)
                              /usr/lib/gcc/avr/4.2.2/../../../../avr/lib/libc.a(vfprintf_std.o) (strnlen)
/usr/lib/gcc/avr/4.2.2/../../../../avr/lib/libc.a(fputc.o)
                              /usr/lib/gcc/avr/4.2.2/../../../../avr/lib/libc.a(vfprintf_std.o) (fputc)
/usr/lib/gcc/avr/4.2.2/libgcc.a(_mulhi3.o)
                              /usr/lib/gcc/avr/4.2.2/../../../../avr/lib/libc.a(vfprintf_std.o) (__mulhi3)
/usr/lib/gcc/avr/4.2.2/libgcc.a(_udivmodsi4.o)
                              /usr/lib/gcc/avr/4.2.2/../../../../avr/lib/libc.a(vfprintf_std.o) (__udivmodsi4)
/usr/lib/gcc/avr/4.2.2/libgcc.a(_prologue.o)
                              /usr/lib/gcc/avr/4.2.2/../../../../avr/lib/libc.a(sprintf.o) (__prologue_saves__)
/usr/lib/gcc/avr/4.2.2/libgcc.a(_epilogue.o)
                              /usr/lib/gcc/avr/4.2.2/../../../../avr/lib/libc.a(sprintf.o) (__epilogue_restores__)

Allocating common symbols
Common symbol       size              file

ctype               0x4               pc3RootAgent.o
h                   0x4               pc3RootAgent.o
cid                 0x4               pc3RootAgent.o

Memory Configuration

Name             Origin             Length             Attributes
text             0x00000000         0x00010000         xr
libc             0x0001ff00         0x00000100         xr
data             0x00800060         0x0000ffa0         rw !x
eeprom           0x00810000         0x00001000         rw !x
*default*        0x00000000         0xffffffff

Linker script and memory map

LOAD gpi.map
                0x00010002                pongiPoCreateGenericAgent = 0x10002
                0x00010024                pongiPoDbgString = 0x10024
                0x00010008                pongiPoGetChildInfoOld = 0x10008
                0x00010020                pongiPoGetMyID = 0x10020
                0x00010010                pongiPoGetReport = 0x10010
                0x00010014                pongiPoGetTimerID = 0x10014
                0x00010006                pongiPoRelease = 0x10006
                0x0001000a                pongiPoSendCommand = 0x1000a
                0x00010012                pongiPoSetTimer = 0x10012

.hash
 *(.hash)

.dynsym
 *(.dynsym)

.dynstr
 *(.dynstr)

.gnu.version
 *(.gnu.version)

.gnu.version_d
 *(.gnu.version_d)

.gnu.version_r
 *(.gnu.version_r)

.rel.init
 *(.rel.init)

.rela.init
 *(.rela.init)

.rel.text
 *(.rel.text)
 *(.rel.text.*)
 *(.rel.gnu.linkonce.t*)

.rela.text
 *(.rela.text)
 *(.rela.text.*)
 *(.rela.gnu.linkonce.t*)

.rel.fini
 *(.rel.fini)

.rela.fini
 *(.rela.fini)

.rel.rodata
 *(.rel.rodata)
 *(.rel.rodata.*)
 *(.rel.gnu.linkonce.r*)

.rela.rodata
 *(.rela.rodata)
 *(.rela.rodata.*)
 *(.rela.gnu.linkonce.r*)

.rel.data
 *(.rel.data)
 *(.rel.data.*)
 *(.rel.gnu.linkonce.d*)

.rela.data
 *(.rela.data)
 *(.rela.data.*)
 *(.rela.gnu.linkonce.d*)

.rel.ctors
 *(.rel.ctors)

.rela.ctors
 *(.rela.ctors)

.rel.dtors
 *(.rel.dtors)

.rela.dtors
 *(.rela.dtors)

.rel.got
 *(.rel.got)

.rela.got
 *(.rela.got)

.rel.bss
 *(.rel.bss)

.rela.bss
 *(.rela.bss)

.rel.plt
 *(.rel.plt)

.rela.plt
 *(.rela.plt)

.libc           0x0001ff00       0x28
                0x0001ff00                __vectors_start = .
 *(.vectors)
                0x0001ff00                __vectors_end = .
                0x0001ff00                __init_start = .
 *(.init0)
 *(.init1)
 *(.init2)
 *(.init3)
 *(.init4)
 .init4         0x0001ff00       0x18 /usr/lib/gcc/avr/4.2.2/libgcc.a(_copy_data.o)
                0x0001ff00                __do_copy_data
 .init4         0x0001ff18       0x10 /usr/lib/gcc/avr/4.2.2/libgcc.a(_clear_bss.o)
                0x0001ff18                __do_clear_bss
 *(.init5)
 *(.init6)
 *(.init7)
 *(.init8)
 *(.init9)
                0x0001ff28                __init_end = .
                0x0001ff28                __ctors_start = .
 *(.ctors)
                0x0001ff28                __ctors_end = .
                0x0001ff28                __dtors_start = .
 *(.dtors)
                0x0001ff28                __dtors_end = .
                0x0001ff28                __fini_start = .
 *(.fini9)
 *(.fini8)
 *(.fini7)
 *(.fini6)
 *(.fini5)
 *(.fini4)
 *(.fini3)
 *(.fini2)
 *(.fini1)
 *(.fini0)
                0x0001ff28                __fini_end = .

.text           0x00000000      0x8b0
                0x00000000                PROVIDE (__text_start, .)
                0x00000000                __events_start = .
 *(.events.PoInitEvent)
 .events.PoInitEvent
                0x00000000       0x2a pc3RootAgent.o
                0x00000000                EVENT_PoInitEvent
 *(.events.*)
 .events.PoReportArrivedEvent
                0x0000002a       0x46 pc3RootAgent.o
                0x0000002a                EVENT_PoReportArrivedEvent
 .events.PoTimeoutEvent
                0x00000070       0xac pc3RootAgent.o
                0x00000070                EVENT_PoTimeoutEvent
 .events.PoChildCreatedEvent
                0x0000011c       0x28 pc3RootAgent.o
                0x0000011c                EVENT_PoChildCreatedEvent
 *(.events)
                0x00000144                __events_end = .
 *(.progmem.gcc*)
 *(.progmem*)
                0x00000144                . = ALIGN (0x2)
 *(.text)
 .text          0x00000144        0x0 pc3RootAgent.o
 .text          0x00000144        0x0 /usr/lib/gcc/avr/4.2.2/libgcc.a(_copy_data.o)
 .text          0x00000144        0x0 /usr/lib/gcc/avr/4.2.2/libgcc.a(_clear_bss.o)
 .text          0x00000144       0x4a /usr/lib/gcc/avr/4.2.2/../../../../avr/lib/libc.a(sprintf.o)
                0x00000144                sprintf
 .text          0x0000018e      0x598 /usr/lib/gcc/avr/4.2.2/../../../../avr/lib/libc.a(vfprintf_std.o)
                0x0000018e                vfprintf
 .text          0x00000726       0x16 /usr/lib/gcc/avr/4.2.2/../../../../avr/lib/libc.a(strlen_P.o)
                0x00000726                strlen_P
 .text          0x0000073c       0x1a /usr/lib/gcc/avr/4.2.2/../../../../avr/lib/libc.a(strnlen_P.o)
                0x0000073c                strnlen_P
 .text          0x00000756       0x18 /usr/lib/gcc/avr/4.2.2/../../../../avr/lib/libc.a(strnlen.o)
                0x00000756                strnlen
 .text          0x0000076e       0x60 /usr/lib/gcc/avr/4.2.2/../../../../avr/lib/libc.a(fputc.o)
                0x0000076e                fputc
 .text          0x000007ce        0x0 /usr/lib/gcc/avr/4.2.2/libgcc.a(_mulhi3.o)
 .text          0x000007ce        0x0 /usr/lib/gcc/avr/4.2.2/libgcc.a(_udivmodsi4.o)
 .text          0x000007ce        0x0 /usr/lib/gcc/avr/4.2.2/libgcc.a(_prologue.o)
 .text          0x000007ce        0x0 /usr/lib/gcc/avr/4.2.2/libgcc.a(_epilogue.o)
                0x000007ce                . = ALIGN (0x2)
 *(.text.*)
 .text.libgcc   0x000007ce        0x0 /usr/lib/gcc/avr/4.2.2/libgcc.a(_copy_data.o)
 .text.libgcc   0x000007ce        0x0 /usr/lib/gcc/avr/4.2.2/libgcc.a(_clear_bss.o)
 .text.libgcc   0x000007ce       0x24 /usr/lib/gcc/avr/4.2.2/libgcc.a(_mulhi3.o)
                0x000007ce                __mulhi3
 .text.libgcc   0x000007f2       0x4e /usr/lib/gcc/avr/4.2.2/libgcc.a(_udivmodsi4.o)
                0x000007f2                __udivmodsi4
 .text.libgcc   0x00000840       0x38 /usr/lib/gcc/avr/4.2.2/libgcc.a(_prologue.o)
                0x00000840                __prologue_saves__
 .text.libgcc   0x00000878       0x38 /usr/lib/gcc/avr/4.2.2/libgcc.a(_epilogue.o)
                0x00000878                __epilogue_restores__
                0x000008b0                . = ALIGN (0x2)
                0x000008b0                _etext = .

.trampolines    0x000008b0        0x0
 .trampolines   0x000008b0        0x0 linker stubs

.data           0x00800060       0x76 load address 0x000008b0
                0x00800060                PROVIDE (__data_start, .)
 *(.data)
 .data          0x00800060       0x6a pc3RootAgent.o
 .data          0x008000ca        0x0 /usr/lib/gcc/avr/4.2.2/libgcc.a(_copy_data.o)
 .data          0x008000ca        0x0 /usr/lib/gcc/avr/4.2.2/libgcc.a(_clear_bss.o)
 .data          0x008000ca        0x0 /usr/lib/gcc/avr/4.2.2/../../../../avr/lib/libc.a(sprintf.o)
 .data          0x008000ca        0x0 /usr/lib/gcc/avr/4.2.2/../../../../avr/lib/libc.a(vfprintf_std.o)
 .data          0x008000ca        0x0 /usr/lib/gcc/avr/4.2.2/../../../../avr/lib/libc.a(strlen_P.o)
 .data          0x008000ca        0x0 /usr/lib/gcc/avr/4.2.2/../../../../avr/lib/libc.a(strnlen_P.o)
 .data          0x008000ca        0x0 /usr/lib/gcc/avr/4.2.2/../../../../avr/lib/libc.a(strnlen.o)
 .data          0x008000ca        0x0 /usr/lib/gcc/avr/4.2.2/../../../../avr/lib/libc.a(fputc.o)
 .data          0x008000ca        0x0 /usr/lib/gcc/avr/4.2.2/libgcc.a(_mulhi3.o)
 .data          0x008000ca        0x0 /usr/lib/gcc/avr/4.2.2/libgcc.a(_udivmodsi4.o)
 .data          0x008000ca        0x0 /usr/lib/gcc/avr/4.2.2/libgcc.a(_prologue.o)
 .data          0x008000ca        0x0 /usr/lib/gcc/avr/4.2.2/libgcc.a(_epilogue.o)
 *(.gnu.linkonce.d*)
                0x008000ca                . = ALIGN (0x2)
                0x008000ca                _edata = .
                0x008000ca                PROVIDE (__bss_start, .)
 *(.bss)
 .bss           0x008000ca        0x0 pc3RootAgent.o
 .bss           0x008000ca        0x0 /usr/lib/gcc/avr/4.2.2/libgcc.a(_copy_data.o)
 .bss           0x008000ca        0x0 /usr/lib/gcc/avr/4.2.2/libgcc.a(_clear_bss.o)
 .bss           0x008000ca        0x0 /usr/lib/gcc/avr/4.2.2/../../../../avr/lib/libc.a(sprintf.o)
 .bss           0x008000ca        0x0 /usr/lib/gcc/avr/4.2.2/../../../../avr/lib/libc.a(vfprintf_std.o)
 .bss           0x008000ca        0x0 /usr/lib/gcc/avr/4.2.2/../../../../avr/lib/libc.a(strlen_P.o)
 .bss           0x008000ca        0x0 /usr/lib/gcc/avr/4.2.2/../../../../avr/lib/libc.a(strnlen_P.o)
 .bss           0x008000ca        0x0 /usr/lib/gcc/avr/4.2.2/../../../../avr/lib/libc.a(strnlen.o)
 .bss           0x008000ca        0x0 /usr/lib/gcc/avr/4.2.2/../../../../avr/lib/libc.a(fputc.o)
 .bss           0x008000ca        0x0 /usr/lib/gcc/avr/4.2.2/libgcc.a(_mulhi3.o)
 .bss           0x008000ca        0x0 /usr/lib/gcc/avr/4.2.2/libgcc.a(_udivmodsi4.o)
 .bss           0x008000ca        0x0 /usr/lib/gcc/avr/4.2.2/libgcc.a(_prologue.o)
 .bss           0x008000ca        0x0 /usr/lib/gcc/avr/4.2.2/libgcc.a(_epilogue.o)
 *(COMMON)
 COMMON         0x008000ca        0xc pc3RootAgent.o
                0x008000ca                ctype
                0x008000ce                h
                0x008000d2                cid
                0x008000d6                PROVIDE (__bss_end, .)
                0x008000d6                PROVIDE (__data_end, .)
                0x000008b0                __data_load_start = LOADADDR (.data)
                0x00000926                __data_load_end = (__data_load_start + SIZEOF (.data))

.noinit         0x008000d6        0x0
                0x008000d6                PROVIDE (__noinit_start, .)
 *(.noinit*)
                0x008000d6                PROVIDE (__noinit_end, .)
                0x008000d6                _end = .
                0x008000d6                PROVIDE (__heap_start, .)

.eeprom         0x00810000        0x0 load address 0x00000926
 *(.eeprom*)
                0x00810000                __eeprom_end = .

.stab           0x00000000      0xf48
 *(.stab)
 .stab          0x00000000      0x3d8 /usr/lib/gcc/avr/4.2.2/../../../../avr/lib/libc.a(sprintf.o)
 .stab          0x000003d8      0x7e0 /usr/lib/gcc/avr/4.2.2/../../../../avr/lib/libc.a(vfprintf_std.o)
                                0x9c0 (size before relaxing)
 .stab          0x00000bb8       0x84 /usr/lib/gcc/avr/4.2.2/../../../../avr/lib/libc.a(strlen_P.o)
                                 0x90 (size before relaxing)
 .stab          0x00000c3c       0x9c /usr/lib/gcc/avr/4.2.2/../../../../avr/lib/libc.a(strnlen_P.o)
                                 0xa8 (size before relaxing)
 .stab          0x00000cd8       0x9c /usr/lib/gcc/avr/4.2.2/../../../../avr/lib/libc.a(strnlen.o)
                                 0xa8 (size before relaxing)
 .stab          0x00000d74      0x1d4 /usr/lib/gcc/avr/4.2.2/../../../../avr/lib/libc.a(fputc.o)
                                0x3b4 (size before relaxing)

.stabstr        0x00000000      0xc49
 *(.stabstr)
 .stabstr       0x00000000      0xc49 /usr/lib/gcc/avr/4.2.2/../../../../avr/lib/libc.a(sprintf.o)

.stab.excl
 *(.stab.excl)

.stab.exclstr
 *(.stab.exclstr)

.stab.index
 *(.stab.index)

.stab.indexstr
 *(.stab.indexstr)

.comment
 *(.comment)

.debug
 *(.debug)

.line
 *(.line)

.debug_srcinfo
 *(.debug_srcinfo)

.debug_sfnames
 *(.debug_sfnames)

.debug_aranges
 *(.debug_aranges)

.debug_pubnames
 *(.debug_pubnames)

.debug_info
 *(.debug_info)
 *(.gnu.linkonce.wi.*)

.debug_abbrev
 *(.debug_abbrev)

.debug_line
 *(.debug_line)

.debug_frame
 *(.debug_frame)

.debug_str
 *(.debug_str)

.debug_loc
 *(.debug_loc)

.debug_macinfo
 *(.debug_macinfo)
LOAD gpi.map
                0x00010002                pongiPoCreateGenericAgent = 0x10002
                0x00010024                pongiPoDbgString = 0x10024
                0x00010008                pongiPoGetChildInfoOld = 0x10008
                0x00010020                pongiPoGetMyID = 0x10020
                0x00010010                pongiPoGetReport = 0x10010
                0x00010014                pongiPoGetTimerID = 0x10014
                0x00010006                pongiPoRelease = 0x10006
                0x0001000a                pongiPoSendCommand = 0x1000a
                0x00010012                pongiPoSetTimer = 0x10012
LOAD pc3RootAgent.o
LOAD /usr/lib/gcc/avr/4.2.2/libgcc.a
LOAD /usr/lib/gcc/avr/4.2.2/../../../../avr/lib/libc.a
LOAD /usr/lib/gcc/avr/4.2.2/libgcc.a
OUTPUT(pc3RootAgent.elf elf32-avr)
LOAD linker stubs
