Archive member included because of file (symbol)

/usr/lib/gcc/avr/4.2.2/libgcc.a(_copy_data.o)
                              pc6RootAgent.o (__do_copy_data)
/usr/lib/gcc/avr/4.2.2/libgcc.a(_clear_bss.o)
                              pc6RootAgent.o (__do_clear_bss)
/usr/lib/gcc/avr/4.2.2/../../../../avr/lib/libc.a(strcpy.o)
                              pc6RootAgent.o (strcpy)

Allocating common symbols
Common symbol       size              file

ctype               0x4               pc6RootAgent.o
h                   0x4               pc6RootAgent.o
cid                 0x4               pc6RootAgent.o

Memory Configuration

Name             Origin             Length             Attributes
text             0x00000000         0x00010000         xr
libc             0x0001ff00         0x00000100         xr
data             0x00800060         0x0000ffa0         rw !x
eeprom           0x00810000         0x00001000         rw !x
*default*        0x00000000         0xffffffff

Linker script and memory map

LOAD gpi.map
                0x00010002                pongiPoCreateGenericAgent = 0x10002
                0x00010024                pongiPoDbgString = 0x10024
                0x00010008                pongiPoGetChildInfoOld = 0x10008
                0x00010020                pongiPoGetMyID = 0x10020
                0x00010010                pongiPoGetReport = 0x10010
                0x00010006                pongiPoRelease = 0x10006
                0x0001000a                pongiPoSendCommand = 0x1000a

.hash
 *(.hash)

.dynsym
 *(.dynsym)

.dynstr
 *(.dynstr)

.gnu.version
 *(.gnu.version)

.gnu.version_d
 *(.gnu.version_d)

.gnu.version_r
 *(.gnu.version_r)

.rel.init
 *(.rel.init)

.rela.init
 *(.rela.init)

.rel.text
 *(.rel.text)
 *(.rel.text.*)
 *(.rel.gnu.linkonce.t*)

.rela.text
 *(.rela.text)
 *(.rela.text.*)
 *(.rela.gnu.linkonce.t*)

.rel.fini
 *(.rel.fini)

.rela.fini
 *(.rela.fini)

.rel.rodata
 *(.rel.rodata)
 *(.rel.rodata.*)
 *(.rel.gnu.linkonce.r*)

.rela.rodata
 *(.rela.rodata)
 *(.rela.rodata.*)
 *(.rela.gnu.linkonce.r*)

.rel.data
 *(.rel.data)
 *(.rel.data.*)
 *(.rel.gnu.linkonce.d*)

.rela.data
 *(.rela.data)
 *(.rela.data.*)
 *(.rela.gnu.linkonce.d*)

.rel.ctors
 *(.rel.ctors)

.rela.ctors
 *(.rela.ctors)

.rel.dtors
 *(.rel.dtors)

.rela.dtors
 *(.rela.dtors)

.rel.got
 *(.rel.got)

.rela.got
 *(.rela.got)

.rel.bss
 *(.rel.bss)

.rela.bss
 *(.rela.bss)

.rel.plt
 *(.rel.plt)

.rela.plt
 *(.rela.plt)

.libc           0x0001ff00       0x28
                0x0001ff00                __vectors_start = .
 *(.vectors)
                0x0001ff00                __vectors_end = .
                0x0001ff00                __init_start = .
 *(.init0)
 *(.init1)
 *(.init2)
 *(.init3)
 *(.init4)
 .init4         0x0001ff00       0x18 /usr/lib/gcc/avr/4.2.2/libgcc.a(_copy_data.o)
                0x0001ff00                __do_copy_data
 .init4         0x0001ff18       0x10 /usr/lib/gcc/avr/4.2.2/libgcc.a(_clear_bss.o)
                0x0001ff18                __do_clear_bss
 *(.init5)
 *(.init6)
 *(.init7)
 *(.init8)
 *(.init9)
                0x0001ff28                __init_end = .
                0x0001ff28                __ctors_start = .
 *(.ctors)
                0x0001ff28                __ctors_end = .
                0x0001ff28                __dtors_start = .
 *(.dtors)
                0x0001ff28                __dtors_end = .
                0x0001ff28                __fini_start = .
 *(.fini9)
 *(.fini8)
 *(.fini7)
 *(.fini6)
 *(.fini5)
 *(.fini4)
 *(.fini3)
 *(.fini2)
 *(.fini1)
 *(.fini0)
                0x0001ff28                __fini_end = .

.text           0x00000000      0x104
                0x00000000                PROVIDE (__text_start, .)
                0x00000000                __events_start = .
 *(.events.PoInitEvent)
 .events.PoInitEvent
                0x00000000       0x2a pc6RootAgent.o
                0x00000000                EVENT_PoInitEvent
 *(.events.*)
 .events.PoReportArrivedEvent
                0x0000002a       0x4e pc6RootAgent.o
                0x0000002a                EVENT_PoReportArrivedEvent
 .events.PoChildCreatedEvent
                0x00000078       0x7a pc6RootAgent.o
                0x00000078                EVENT_PoChildCreatedEvent
 *(.events)
                0x000000f2                __events_end = .
 *(.progmem.gcc*)
 *(.progmem*)
                0x000000f2                . = ALIGN (0x2)
 *(.text)
 .text          0x000000f2        0x0 pc6RootAgent.o
 .text          0x000000f2        0x0 /usr/lib/gcc/avr/4.2.2/libgcc.a(_copy_data.o)
 .text          0x000000f2        0x0 /usr/lib/gcc/avr/4.2.2/libgcc.a(_clear_bss.o)
 .text          0x000000f2       0x12 /usr/lib/gcc/avr/4.2.2/../../../../avr/lib/libc.a(strcpy.o)
                0x000000f2                strcpy
                0x00000104                . = ALIGN (0x2)
 *(.text.*)
 .text.libgcc   0x00000104        0x0 /usr/lib/gcc/avr/4.2.2/libgcc.a(_copy_data.o)
 .text.libgcc   0x00000104        0x0 /usr/lib/gcc/avr/4.2.2/libgcc.a(_clear_bss.o)
                0x00000104                . = ALIGN (0x2)
                0x00000104                _etext = .

.trampolines    0x00000104        0x0
 .trampolines   0x00000104        0x0 linker stubs

.data           0x00800060       0x5c load address 0x00000104
                0x00800060                PROVIDE (__data_start, .)
 *(.data)
 .data          0x00800060       0x50 pc6RootAgent.o
 .data          0x008000b0        0x0 /usr/lib/gcc/avr/4.2.2/libgcc.a(_copy_data.o)
 .data          0x008000b0        0x0 /usr/lib/gcc/avr/4.2.2/libgcc.a(_clear_bss.o)
 .data          0x008000b0        0x0 /usr/lib/gcc/avr/4.2.2/../../../../avr/lib/libc.a(strcpy.o)
 *(.gnu.linkonce.d*)
                0x008000b0                . = ALIGN (0x2)
                0x008000b0                _edata = .
                0x008000b0                PROVIDE (__bss_start, .)
 *(.bss)
 .bss           0x008000b0        0x0 pc6RootAgent.o
 .bss           0x008000b0        0x0 /usr/lib/gcc/avr/4.2.2/libgcc.a(_copy_data.o)
 .bss           0x008000b0        0x0 /usr/lib/gcc/avr/4.2.2/libgcc.a(_clear_bss.o)
 .bss           0x008000b0        0x0 /usr/lib/gcc/avr/4.2.2/../../../../avr/lib/libc.a(strcpy.o)
 *(COMMON)
 COMMON         0x008000b0        0xc pc6RootAgent.o
                0x008000b0                ctype
                0x008000b4                h
                0x008000b8                cid
                0x008000bc                PROVIDE (__bss_end, .)
                0x008000bc                PROVIDE (__data_end, .)
                0x00000104                __data_load_start = LOADADDR (.data)
                0x00000160                __data_load_end = (__data_load_start + SIZEOF (.data))

.noinit         0x008000bc        0x0
                0x008000bc                PROVIDE (__noinit_start, .)
 *(.noinit*)
                0x008000bc                PROVIDE (__noinit_end, .)
                0x008000bc                _end = .
                0x008000bc                PROVIDE (__heap_start, .)

.eeprom         0x00810000        0x0 load address 0x00000160
 *(.eeprom*)
                0x00810000                __eeprom_end = .

.stab           0x00000000       0x78
 *(.stab)
 .stab          0x00000000       0x78 /usr/lib/gcc/avr/4.2.2/../../../../avr/lib/libc.a(strcpy.o)

.stabstr        0x00000000       0x2f
 *(.stabstr)
 .stabstr       0x00000000       0x2f /usr/lib/gcc/avr/4.2.2/../../../../avr/lib/libc.a(strcpy.o)

.stab.excl
 *(.stab.excl)

.stab.exclstr
 *(.stab.exclstr)

.stab.index
 *(.stab.index)

.stab.indexstr
 *(.stab.indexstr)

.comment
 *(.comment)

.debug
 *(.debug)

.line
 *(.line)

.debug_srcinfo
 *(.debug_srcinfo)

.debug_sfnames
 *(.debug_sfnames)

.debug_aranges
 *(.debug_aranges)

.debug_pubnames
 *(.debug_pubnames)

.debug_info
 *(.debug_info)
 *(.gnu.linkonce.wi.*)

.debug_abbrev
 *(.debug_abbrev)

.debug_line
 *(.debug_line)

.debug_frame
 *(.debug_frame)

.debug_str
 *(.debug_str)

.debug_loc
 *(.debug_loc)

.debug_macinfo
 *(.debug_macinfo)
LOAD gpi.map
                0x00010002                pongiPoCreateGenericAgent = 0x10002
                0x00010024                pongiPoDbgString = 0x10024
                0x00010008                pongiPoGetChildInfoOld = 0x10008
                0x00010020                pongiPoGetMyID = 0x10020
                0x00010010                pongiPoGetReport = 0x10010
                0x00010006                pongiPoRelease = 0x10006
                0x0001000a                pongiPoSendCommand = 0x1000a
LOAD pc6RootAgent.o
LOAD /usr/lib/gcc/avr/4.2.2/libgcc.a
LOAD /usr/lib/gcc/avr/4.2.2/../../../../avr/lib/libc.a
LOAD /usr/lib/gcc/avr/4.2.2/libgcc.a
OUTPUT(pc6RootAgent.elf elf32-avr)
LOAD linker stubs
